Archive member included to satisfy reference by file (symbol)

c:/program files (x86)/atmel/studio/7.0/toolchain/avr8/avr8-gnu-toolchain/bin/../lib/gcc/avr/5.4.0/../../../../avr/lib/avr5\libm.a(addsf3.o)
                              Devices/BMP390/BMP390.o (__subsf3)
c:/program files (x86)/atmel/studio/7.0/toolchain/avr8/avr8-gnu-toolchain/bin/../lib/gcc/avr/5.4.0/../../../../avr/lib/avr5\libm.a(addsf3x.o)
                              c:/program files (x86)/atmel/studio/7.0/toolchain/avr8/avr8-gnu-toolchain/bin/../lib/gcc/avr/5.4.0/../../../../avr/lib/avr5\libm.a(addsf3.o) (__addsf3x)
c:/program files (x86)/atmel/studio/7.0/toolchain/avr8/avr8-gnu-toolchain/bin/../lib/gcc/avr/5.4.0/../../../../avr/lib/avr5\libm.a(divsf3.o)
                              Devices/BMP390/BMP390.o (__divsf3)
c:/program files (x86)/atmel/studio/7.0/toolchain/avr8/avr8-gnu-toolchain/bin/../lib/gcc/avr/5.4.0/../../../../avr/lib/avr5\libm.a(divsf3x.o)
                              c:/program files (x86)/atmel/studio/7.0/toolchain/avr8/avr8-gnu-toolchain/bin/../lib/gcc/avr/5.4.0/../../../../avr/lib/avr5\libm.a(divsf3.o) (__divsf3x)
c:/program files (x86)/atmel/studio/7.0/toolchain/avr8/avr8-gnu-toolchain/bin/../lib/gcc/avr/5.4.0/../../../../avr/lib/avr5\libm.a(fixsfsi.o)
                              Devices/BMP390/BMP390.o (__fixsfsi)
c:/program files (x86)/atmel/studio/7.0/toolchain/avr8/avr8-gnu-toolchain/bin/../lib/gcc/avr/5.4.0/../../../../avr/lib/avr5\libm.a(fixunssfsi.o)
                              BSP/PWM/PWM.o (__fixunssfsi)
c:/program files (x86)/atmel/studio/7.0/toolchain/avr8/avr8-gnu-toolchain/bin/../lib/gcc/avr/5.4.0/../../../../avr/lib/avr5\libm.a(floatsisf.o)
                              BSP/ADC/AD.o (__floatunsisf)
c:/program files (x86)/atmel/studio/7.0/toolchain/avr8/avr8-gnu-toolchain/bin/../lib/gcc/avr/5.4.0/../../../../avr/lib/avr5\libm.a(fp_inf.o)
                              c:/program files (x86)/atmel/studio/7.0/toolchain/avr8/avr8-gnu-toolchain/bin/../lib/gcc/avr/5.4.0/../../../../avr/lib/avr5\libm.a(addsf3x.o) (__fp_inf)
c:/program files (x86)/atmel/studio/7.0/toolchain/avr8/avr8-gnu-toolchain/bin/../lib/gcc/avr/5.4.0/../../../../avr/lib/avr5\libm.a(fp_nan.o)
                              c:/program files (x86)/atmel/studio/7.0/toolchain/avr8/avr8-gnu-toolchain/bin/../lib/gcc/avr/5.4.0/../../../../avr/lib/avr5\libm.a(addsf3x.o) (__fp_nan)
c:/program files (x86)/atmel/studio/7.0/toolchain/avr8/avr8-gnu-toolchain/bin/../lib/gcc/avr/5.4.0/../../../../avr/lib/avr5\libm.a(fp_pscA.o)
                              c:/program files (x86)/atmel/studio/7.0/toolchain/avr8/avr8-gnu-toolchain/bin/../lib/gcc/avr/5.4.0/../../../../avr/lib/avr5\libm.a(addsf3x.o) (__fp_pscA)
c:/program files (x86)/atmel/studio/7.0/toolchain/avr8/avr8-gnu-toolchain/bin/../lib/gcc/avr/5.4.0/../../../../avr/lib/avr5\libm.a(fp_pscB.o)
                              c:/program files (x86)/atmel/studio/7.0/toolchain/avr8/avr8-gnu-toolchain/bin/../lib/gcc/avr/5.4.0/../../../../avr/lib/avr5\libm.a(addsf3x.o) (__fp_pscB)
c:/program files (x86)/atmel/studio/7.0/toolchain/avr8/avr8-gnu-toolchain/bin/../lib/gcc/avr/5.4.0/../../../../avr/lib/avr5\libm.a(fp_round.o)
                              c:/program files (x86)/atmel/studio/7.0/toolchain/avr8/avr8-gnu-toolchain/bin/../lib/gcc/avr/5.4.0/../../../../avr/lib/avr5\libm.a(addsf3.o) (__fp_round)
c:/program files (x86)/atmel/studio/7.0/toolchain/avr8/avr8-gnu-toolchain/bin/../lib/gcc/avr/5.4.0/../../../../avr/lib/avr5\libm.a(fp_split3.o)
                              c:/program files (x86)/atmel/studio/7.0/toolchain/avr8/avr8-gnu-toolchain/bin/../lib/gcc/avr/5.4.0/../../../../avr/lib/avr5\libm.a(addsf3x.o) (__fp_split3)
c:/program files (x86)/atmel/studio/7.0/toolchain/avr8/avr8-gnu-toolchain/bin/../lib/gcc/avr/5.4.0/../../../../avr/lib/avr5\libm.a(fp_zero.o)
                              c:/program files (x86)/atmel/studio/7.0/toolchain/avr8/avr8-gnu-toolchain/bin/../lib/gcc/avr/5.4.0/../../../../avr/lib/avr5\libm.a(addsf3x.o) (__fp_zero)
c:/program files (x86)/atmel/studio/7.0/toolchain/avr8/avr8-gnu-toolchain/bin/../lib/gcc/avr/5.4.0/../../../../avr/lib/avr5\libm.a(log.o)
                              Devices/NTC/ntc_10k.o (log)
c:/program files (x86)/atmel/studio/7.0/toolchain/avr8/avr8-gnu-toolchain/bin/../lib/gcc/avr/5.4.0/../../../../avr/lib/avr5\libm.a(mulsf3.o)
                              BSP/ADC/AD.o (__mulsf3)
c:/program files (x86)/atmel/studio/7.0/toolchain/avr8/avr8-gnu-toolchain/bin/../lib/gcc/avr/5.4.0/../../../../avr/lib/avr5\libm.a(mulsf3x.o)
                              c:/program files (x86)/atmel/studio/7.0/toolchain/avr8/avr8-gnu-toolchain/bin/../lib/gcc/avr/5.4.0/../../../../avr/lib/avr5\libm.a(log.o) (__mulsf3x)
c:/program files (x86)/atmel/studio/7.0/toolchain/avr8/avr8-gnu-toolchain/bin/../lib/gcc/avr/5.4.0/../../../../avr/lib/avr5\libm.a(fp_mpack.o)
[...]
Memory Configuration

Name             Origin             Length             Attributes
text             0x00000000         0x00010000         xr
data             0x00800100         0x00001000         rw !x
eeprom           0x00810000         0x00000800         rw !x
fuse             0x00820000         0x00000003         rw !x
lock             0x00830000         0x00000400         rw !x
signature        0x00840000         0x00000400         rw !x
user_signatures  0x00850000         0x00000400         rw !x
*default*        0x00000000         0xffffffff

Linker script and memory map

Address of section .data set to 0x800100
LOAD C:/Program Files (x86)/Atmel/Studio/7.0/Packs/atmel/ATmega_DFP/1.7.374/gcc/dev/atmega64/avr5/crtatmega64.o
LOAD Application/Accel_Gyro/Accel_Gyro.o
LOAD Application/CMDLine/cmdline.o
LOAD Application/CMDLine/command.o
LOAD Application/COPC/COPC.o
LOAD Application/LED/ir_led.o
LOAD Application/LED/status_led.o
LOAD Application/main.o
LOAD Application/Pressure/Pressure.o
LOAD Application/SYS/sys.o
LOAD Application/Temperature/temperature.o
LOAD Application/WATCHDOG/watchdog.o
LOAD BSP/ADC/AD.o
LOAD BSP/CAN/CAN_Protocol.o
LOAD BSP/PWM/PWM.o
LOAD BSP/SPI/spi.o
LOAD BSP/Timer/timer.o
LOAD BSP/TWI/i2c.o
LOAD BSP/TWI/twi.o
LOAD BSP/UART/uart.o
LOAD Data_struct/IOU_data.o
LOAD Devices/BMP390/BMP390.o
LOAD Devices/LSM6DSOX/LSM6DSOX.o
LOAD Devices/MCP2515/CANSPI.o
LOAD Devices/MCP2515/MCP2515.o
LOAD Devices/MCP4921/MCP4921.o
LOAD Devices/NTC/ntc_10k.o
LOAD Devices/onewire/DS18B20.o
LOAD Devices/LED_RING/SK6812.o
LOAD Devices/TEC/TEC.o
LOAD Devices/TPL5010/TPL5010.o
LOAD Scheduler/scheduler.o
LOAD ThirdParty/libsfp/crc16.o
LOAD ThirdParty/libsfp/fsp.o
START GROUP
LOAD c:/program files (x86)/atmel/studio/7.0/toolchain/avr8/avr8-gnu-toolchain/bin/../lib/gcc/avr/5.4.0/../../../../avr/lib/avr5\libm.a
END GROUP
LOAD c:/program files (x86)/atmel/studio/7.0/toolchain/avr8/avr8-gnu-toolchain/bin/../lib/gcc/avr/5.4.0/../../../../avr/lib/avr5\libprintf_flt.a
LOAD c:/program files (x86)/atmel/studio/7.0/toolchain/avr8/avr8-gnu-toolchain/bin/../lib/gcc/avr/5.4.0/../../../../avr/lib/avr5\libm.a
START GROUP
LOAD c:/program files (x86)/atmel/studio/7.0/toolchain/avr8/avr8-gnu-toolchain/bin/../lib/gcc/avr/5.4.0/avr5\libgcc.a
LOAD c:/program files (x86)/atmel/studio/7.0/toolchain/avr8/avr8-gnu-toolchain/bin/../lib/gcc/avr/5.4.0/../../../../avr/lib/avr5\libm.a
LOAD c:/program files (x86)/atmel/studio/7.0/toolchain/avr8/avr8-gnu-toolchain/bin/../lib/gcc/avr/5.4.0/../../../../avr/lib/avr5\libc.a
LOAD C:/Program Files (x86)/Atmel/Studio/7.0/Packs/atmel/ATmega_DFP/1.7.374/gcc/dev/atmega64/avr5\libatmega64.a
END GROUP
                0x00000000                __TEXT_REGION_ORIGIN__ = DEFINED (__TEXT_REGION_ORIGIN__)?__TEXT_REGION_ORIGIN__:0x0
                [0x00800100]                __DATA_REGION_ORIGIN__ = DEFINED (__DATA_REGION_ORIGIN__)?__DATA_REGION_ORIGIN__:0x800060
                [0x00010000]                __TEXT_REGION_LENGTH__ = DEFINED (__TEXT_REGION_LENGTH__)?__TEXT_REGION_LENGTH__:0x20000
                [0x00001000]                __DATA_REGION_LENGTH__ = DEFINED (__DATA_REGION_LENGTH__)?__DATA_REGION_LENGTH__:0xffa0
                [0x00000800]                __EEPROM_REGION_LENGTH__ = DEFINED (__EEPROM_REGION_LENGTH__)?__EEPROM_REGION_LENGTH__:0x10000
                [0x00000003]                __FUSE_REGION_LENGTH__ = DEFINED (__FUSE_REGION_LENGTH__)?__FUSE_REGION_LENGTH__:0x400
                0x00000400                __LOCK_REGION_LENGTH__ = DEFINED (__LOCK_REGION_LENGTH__)?__LOCK_REGION_LENGTH__:0x400
                0x00000400                __SIGNATURE_REGION_LENGTH__ = DEFINED (__SIGNATURE_REGION_LENGTH__)?__SIGNATURE_REGION_LENGTH__:0x400
                0x00000400                __USER_SIGNATURE_REGION_LENGTH__ = DEFINED (__USER_SIGNATURE_REGION_LENGTH__)?__USER_SIGNATURE_REGION_LENGTH__:0x400

.hash
 *(.hash)

.dynsym
 *(.dynsym)

.dynstr
 *(.dynstr)

.gnu.version
 *(.gnu.version)

.gnu.version_d
 *(.gnu.version_d)

.gnu.version_r
 *(.gnu.version_r)

.rel.init
 *(.rel.init)

.rela.init
 *(.rela.init)

.rel.text
 *(.rel.text)
 *(.rel.text.*)
 *(.rel.gnu.linkonce.t*)

.rela.text
 *(.rela.text)
 *(.rela.text.*)
 *(.rela.gnu.linkonce.t*)

.rel.fini
 *(.rel.fini)

.rela.fini
 *(.rela.fini)

.rel.rodata
 *(.rel.rodata)
 *(.rel.rodata.*)
 *(.rel.gnu.linkonce.r*)

.rela.rodata
 *(.rela.rodata)
 *(.rela.rodata.*)
 *(.rela.gnu.linkonce.r*)

.rel.data
 *(.rel.data)
 *(.rel.data.*)
 *(.rel.gnu.linkonce.d*)

.rela.data
 *(.rela.data)
 *(.rela.data.*)
 *(.rela.gnu.linkonce.d*)

.rel.ctors
 *(.rel.ctors)

.rela.ctors
 *(.rela.ctors)

.rel.dtors
 *(.rel.dtors)

.rela.dtors
 *(.rela.dtors)

.rel.got
 *(.rel.got)

.rela.got
 *(.rela.got)

.rel.bss
 *(.rel.bss)

.rela.bss
 *(.rela.bss)

.rel.plt
 *(.rel.plt)

.rela.plt
 *(.rela.plt)

.text           0x00000000     0x6ae2
 *(.vectors)
 .vectors       0x00000000       0x8c C:/Program Files (x86)/Atmel/Studio/7.0/Packs/atmel/ATmega_DFP/1.7.374/gcc/dev/atmega64/avr5/crtatmega64.o
                0x00000000                __vector_default
                0x00000000                __vectors
 *(.vectors)
 *(.progmem.gcc*)
 .progmem.gcc_sw_table.COPC_process_command
                0x0000008c       0x26 Application/COPC/COPC.o
 .progmem.gcc_sw_table.__vector_33
                0x000000b2      0x192 BSP/TWI/twi.o
 .progmem.gcc_sw_table.UARTvprintf
                0x00000244       0xa8 BSP/UART/uart.o
                0x000002ec                . = ALIGN (0x2)
                0x000002ec                __trampolines_start = .
 *(.trampolines)
 .trampolines   0x000002ec        0x0 linker stubs
 *(.trampolines*)
                0x000002ec                __trampolines_end = .
 *libprintf_flt.a:*(.progmem.data)
 .progmem.data  0x000002ec        0x8 c:/program files (x86)/atmel/studio/7.0/toolchain/avr8/avr8-gnu-toolchain/bin/../lib/gcc/avr/5.4.0/../../../../avr/lib/avr5\libprintf_flt.a(vfprintf_flt.o)
 *libc.a:*(.progmem.data)
 .progmem.data  0x000002f4       0xfa c:/program files (x86)/atmel/studio/7.0/toolchain/avr8/avr8-gnu-toolchain/bin/../lib/gcc/avr/5.4.0/../../../../avr/lib/avr5\libc.a(ftoa_engine.o)
 *(.progmem*)
 .progmem.data.NTC_table
                0x000003ee      0x800 Devices/NTC/ntc_10k.o
                0x000003ee                NTC_table
                0x00000bee                . = ALIGN (0x2)
 *(.jumptables)
 *(.jumptables*)
 *(.lowtext)
 *(.lowtext*)
                0x00000bee                __ctors_start = .
 *(.ctors)
                0x00000bee                __ctors_end = .
                0x00000bee                __dtors_start = .
 *(.dtors)
                0x00000bee                __dtors_end = .
 SORT(*)(.ctors)
 SORT(*)(.dtors)
 *(.init0)
 .init0         0x00000bee        0x0 C:/Program Files (x86)/Atmel/Studio/7.0/Packs/atmel/ATmega_DFP/1.7.374/gcc/dev/atmega64/avr5/crtatmega64.o
                0x00000bee                __init
 *(.init0)
 *(.init1)
 *(.init1)
 *(.init2)
 .init2         0x00000bee        0xc C:/Program Files (x86)/Atmel/Studio/7.0/Packs/atmel/ATmega_DFP/1.7.374/gcc/dev/atmega64/avr5/crtatmega64.o
 *(.init2)
 *(.init3)
 *(.init3)
 *(.init4)
 .init4         0x00000bfa       0x16 c:/program files (x86)/atmel/studio/7.0/toolchain/avr8/avr8-gnu-toolchain/bin/../lib/gcc/avr/5.4.0/avr5\libgcc.a(_copy_data.o)
                0x00000bfa                __do_copy_data
 .init4         0x00000c10       0x10 c:/program files (x86)/atmel/studio/7.0/toolchain/avr8/avr8-gnu-toolchain/bin/../lib/gcc/avr/5.4.0/avr5\libgcc.a(_clear_bss.o)
                0x00000c10                __do_clear_bss
 *(.init4)
 *(.init5)
 *(.init5)
 *(.init6)
 *(.init6)
 *(.init7)
 *(.init7)
 *(.init8)
 *(.init8)
 *(.init9)
 .init9         0x00000c20        0x8 C:/Program Files (x86)/Atmel/Studio/7.0/Packs/atmel/ATmega_DFP/1.7.374/gcc/dev/atmega64/avr5/crtatmega64.o
 *(.init9)
 *(.text)
 .text          0x00000c28        0x4 C:/Program Files (x86)/Atmel/Studio/7.0/Packs/atmel/ATmega_DFP/1.7.374/gcc/dev/atmega64/avr5/crtatmega64.o
                0x00000c28                __vector_22
                0x00000c28                __vector_28
                0x00000c28                __vector_1
                0x00000c28                __vector_32
                0x00000c28                __vector_34
                0x00000c28                __vector_24
                0x00000c28                __vector_12
                0x00000c28                __bad_interrupt
                0x00000c28                __vector_6
                0x00000c28                __vector_3
                0x00000c28                __vector_23
                0x00000c28                __vector_25
                0x00000c28                __vector_11
                0x00000c28                __vector_13
                0x00000c28                __vector_17
                0x00000c28                __vector_7
                0x00000c28                __vector_27
                0x00000c28                __vector_5
                0x00000c28                __vector_4
                0x00000c28                __vector_9
                0x00000c28                __vector_2
                0x00000c28                __vector_21
                0x00000c28                __vector_29
                0x00000c28                __vector_8
                0x00000c28                __vector_26
                0x00000c28                __vector_14
                0x00000c28                __vector_10
                0x00000c28                __vector_16
                0x00000c28                __vector_20
                0x00000c2c                . = ALIGN (0x2)
 *(.text.*)
 .text.accel_gyro_update
                0x00000c2c       0x10 Application/Accel_Gyro/Accel_Gyro.o
                0x00000c2c                accel_gyro_update
 .text.Accel_and_Gyro_init
                0x00000c3c       0x1a Application/Accel_Gyro/Accel_Gyro.o
                0x00000c3c                Accel_and_Gyro_init
 .text.Accel_and_Gyro_create_task
                0x00000c56        0xc Application/Accel_Gyro/Accel_Gyro.o
                0x00000c56                Accel_and_Gyro_create_task
 .text.get_acceleration
                0x00000c62       0x42 Application/Accel_Gyro/Accel_Gyro.o
                0x00000c62                get_acceleration
 .text.get_gyroscope
                0x00000ca4       0x42 Application/Accel_Gyro/Accel_Gyro.o
                0x00000ca4                get_gyroscope
 .text.CmdLineProcess
                0x00000ce6       0xc6 Application/CMDLine/cmdline.o
                0x00000ce6                CmdLineProcess
 .text.Cmd_help
                0x00000dac       0x4c Application/CMDLine/command.o
                0x00000dac                Cmd_help
 .text.command_task_update
                0x00000df8       0xba Application/CMDLine/command.o
 .text.Cmd_get_temp
                0x00000eb2      0x164 Application/CMDLine/command.o
                0x00000eb2                Cmd_get_temp
 .text.Cmd_tec_get_status
                0x00001016       0x14 Application/CMDLine/command.o
                0x00001016                Cmd_tec_get_status
 .text.Cmd_TEC_log_enable
                0x0000102a       0x14 Application/CMDLine/command.o
                0x0000102a                Cmd_TEC_log_enable
 .text.Cmd_TEC_log_disable
                0x0000103e       0x14 Application/CMDLine/command.o
                0x0000103e                Cmd_TEC_log_disable
 .text.Cmd_get_all
                0x00001052      0x18e Application/CMDLine/command.o
                0x00001052                Cmd_get_all
 .text.Cmd_set_temp
                0x000011e0       0x7c Application/CMDLine/command.o
                0x000011e0                Cmd_set_temp
 .text.Cmd_tec_set_auto_voltage
                0x0000125c       0x7e Application/CMDLine/command.o
                0x0000125c                Cmd_tec_set_auto_voltage
 .text.Cmd_TEC_enable
                0x000012da       0x8c Application/CMDLine/command.o
                0x000012da                Cmd_TEC_enable
 .text.Cmd_TEC_disable
                0x00001366       0x8c Application/CMDLine/command.o
                0x00001366                Cmd_TEC_disable
 .text.Cmd_TEC_enable_auto_control
                0x000013f2       0x34 Application/CMDLine/command.o
                0x000013f2                Cmd_TEC_enable_auto_control
 .text.Cmd_TEC_disable_auto_control
                0x00001426       0x34 Application/CMDLine/command.o
                0x00001426                Cmd_TEC_disable_auto_control
 .text.Cmd_TEC_set_output
                0x0000145a       0x66 Application/CMDLine/command.o
                0x0000145a                Cmd_TEC_set_output
 .text.Cmd_get_temp_setpoint
                0x000014c0       0x68 Application/CMDLine/command.o
                0x000014c0                Cmd_get_temp_setpoint
 .text.Cmd_ringled_set_rgbw
                0x00001528       0x6e Application/CMDLine/command.o
                0x00001528                Cmd_ringled_set_rgbw
 .text.Cmd_ringled_get_rgbw
                0x00001596       0x40 Application/CMDLine/command.o
                0x00001596                Cmd_ringled_get_rgbw
 .text.Cmd_IRled_set_bright
                0x000015d6       0x5c Application/CMDLine/command.o
                0x000015d6                Cmd_IRled_set_bright
 .text.Cmd_IRled_get_bright
                0x00001632       0x2c Application/CMDLine/command.o
                0x00001632                Cmd_IRled_get_bright
 .text.Cmd_get_acceleration_gyroscope
                0x0000165e      0x120 Application/CMDLine/command.o
                0x0000165e                Cmd_get_acceleration_gyroscope
 .text.Cmd_get_pressure
                0x0000177e       0x42 Application/CMDLine/command.o
                0x0000177e                Cmd_get_pressure
 .text.command_init
                0x000017c0       0x32 Application/CMDLine/command.o
                0x000017c0                command_init
 .text.command_create_task
                0x000017f2        0xc Application/CMDLine/command.o
                0x000017f2                command_create_task
 .text.COPC_init
                0x000017fe       0x30 Application/COPC/COPC.o
                0x000017fe                COPC_init
 .text.COPC_create_task
                0x0000182e       0x10 Application/COPC/COPC.o
                0x0000182e                COPC_create_task
 .text.OK_Send  0x0000183e       0x82 Application/COPC/COPC.o
                0x0000183e                OK_Send
 .text.copc_iou_set_temp
                0x000018c0       0x22 Application/COPC/COPC.o
                0x000018c0                copc_iou_set_temp
 .text.copc_iou_tec_ena
                0x000018e2       0x18 Application/COPC/COPC.o
                0x000018e2                copc_iou_tec_ena
 .text.copc_iou_tec_dis
                0x000018fa       0x18 Application/COPC/COPC.o
                0x000018fa                copc_iou_tec_dis
 .text.copc_iou_tec_ena_auto
                0x00001912       0x18 Application/COPC/COPC.o
                0x00001912                copc_iou_tec_ena_auto
 .text.copc_iou_tec_dis_auto
                0x0000192a       0x18 Application/COPC/COPC.o
                0x0000192a                copc_iou_tec_dis_auto
 .text.copc_iou_tec_set_output
                0x00001942       0x24 Application/COPC/COPC.o
                0x00001942                copc_iou_tec_set_output
 .text.copc_iou_tec_set_auto_vol
                0x00001966       0x22 Application/COPC/COPC.o
                0x00001966                copc_iou_tec_set_auto_vol
 .text.copc_iou_ringled_set_RGBW
                0x00001988       0x18 Application/COPC/COPC.o
                0x00001988                copc_iou_ringled_set_RGBW
 .text.copc_iou_irled_set_bright
                0x000019a0       0x18 Application/COPC/COPC.o
                0x000019a0                copc_iou_irled_set_bright
 .text.copc_iou_get_temp
                0x000019b8       0xce Application/COPC/COPC.o
                0x000019b8                copc_iou_get_temp
 .text.copc_iou_get_temp_setpoint
                0x00001a86       0xa2 Application/COPC/COPC.o
                0x00001a86                copc_iou_get_temp_setpoint
 .text.copc_iou_tec_status
                0x00001b28      0x258 Application/COPC/COPC.o
                0x00001b28                copc_iou_tec_status
 .text.copc_iou_ringled_get_RGBW
                0x00001d80       0x8e Application/COPC/COPC.o
                0x00001d80                copc_iou_ringled_get_RGBW
 .text.copc_iou_irled_get_bright
                0x00001e0e       0x88 Application/COPC/COPC.o
                0x00001e0e                copc_iou_irled_get_bright
 .text.copc_iou_get_accel_gyro
                0x00001e96      0x102 Application/COPC/COPC.o
                0x00001e96                copc_iou_get_accel_gyro
 .text.copc_iou_get_press
                0x00001f98       0x8a Application/COPC/COPC.o
                0x00001f98                copc_iou_get_press
 .text.copc_iou_get_param
                0x00002022      0x262 Application/COPC/COPC.o
                0x00002022                copc_iou_get_param
 .text.COPC_process_command
                0x00002284       0x72 Application/COPC/COPC.o
                0x00002284                COPC_process_command
 .text.COPC_task_update
                0x000022f6      0x102 Application/COPC/COPC.o
 .text.IR_led_init
                0x000023f8        0xc Application/LED/ir_led.o
                0x000023f8                IR_led_init
 .text.IR_led_set_DutyCyclesPercent
                0x00002404       0x18 Application/LED/ir_led.o
                0x00002404                IR_led_set_DutyCyclesPercent
 .text.IR_led_get_Current_DutyCyclesPercent
                0x0000241c        0x6 Application/LED/ir_led.o
                0x0000241c                IR_led_get_Current_DutyCyclesPercent
 .text.status_led_update
                0x00002422       0x96 Application/LED/status_led.o
                0x00002422                status_led_update
 .text.status_led_init
                0x000024b8       0x22 Application/LED/status_led.o
                0x000024b8                status_led_init
 .text.status_led_create_task
                0x000024da        0xc Application/LED/status_led.o
                0x000024da                status_led_create_task
 .text.startup.main
                0x000024e6       0x56 Application/main.o
                0x000024e6                main
 .text.pressure_update
                0x0000253c        0x4 Application/Pressure/Pressure.o
                0x0000253c                pressure_update
 .text.Pressure_init
                0x00002540       0x1a Application/Pressure/Pressure.o
                0x00002540                Pressure_init
 .text.Pressure_create_task
                0x0000255a        0xc Application/Pressure/Pressure.o
                0x0000255a                Pressure_create_task
 .text.get_pressure
                0x00002566        0x4 Application/Pressure/Pressure.o
                0x00002566                get_pressure
 .text.temperature_init
                0x0000256a       0x38 Application/Temperature/temperature.o
                0x0000256a                temperature_init
 .text.temperature_TEC_hysteris_control_heating
                0x000025a2      0x25c Application/Temperature/temperature.o
                0x000025a2                temperature_TEC_hysteris_control_heating
 .text.temperature_TEC_hysteris_control_cooling
                0x000027fe      0x25a Application/Temperature/temperature.o
                0x000027fe                temperature_TEC_hysteris_control_cooling
 .text.temperature_create_task
                0x00002a58        0xc Application/Temperature/temperature.o
                0x00002a58                temperature_create_task
 .text.temperature_set_point
                0x00002a64       0x12 Application/Temperature/temperature.o
                0x00002a64                temperature_set_point
 .text.temperature_get_NTC
                0x00002a76       0x12 Application/Temperature/temperature.o
                0x00002a76                temperature_get_NTC
 .text.temperature_get_onewire
                0x00002a88       0x12 Application/Temperature/temperature.o
                0x00002a88                temperature_get_onewire
 .text.temperature_get_bmp390
                0x00002a9a        0xa Application/Temperature/temperature.o
                0x00002a9a                temperature_get_bmp390
 .text.temperature_enable_TEC
                0x00002aa4       0x24 Application/Temperature/temperature.o
                0x00002aa4                temperature_enable_TEC
 .text.temperature_disable_TEC
                0x00002ac8       0x26 Application/Temperature/temperature.o
                0x00002ac8                temperature_disable_TEC
 .text.temperature_disable_auto_control_TEC
                0x00002aee       0x28 Application/Temperature/temperature.o
                0x00002aee                temperature_disable_auto_control_TEC
 .text.temperature_set_TEC_output
                0x00002b16       0x6a Application/Temperature/temperature.o
                0x00002b16                temperature_set_TEC_output
 .text.temperature_enable_auto_control_TEC
                0x00002b80       0x3e Application/Temperature/temperature.o
                0x00002b80                temperature_enable_auto_control_TEC
 .text.temperature_get_voltage
                0x00002bbe       0x12 Application/Temperature/temperature.o
                0x00002bbe                temperature_get_voltage
 .text.temperature_get_voltage_now
                0x00002bd0       0x12 Application/Temperature/temperature.o
                0x00002bd0                temperature_get_voltage_now
 .text.temperature_get_setpoint
                0x00002be2       0x12 Application/Temperature/temperature.o
                0x00002be2                temperature_get_setpoint
 .text.temperature_get_mode
                0x00002bf4        0xc Application/Temperature/temperature.o
                0x00002bf4                temperature_get_mode
 .text.temperature_tec_get_status
                0x00002c00        0x6 Application/Temperature/temperature.o
                0x00002c00                temperature_tec_get_status
 .text.temperature_set_auto_voltage
                0x00002c06       0x12 Application/Temperature/temperature.o
                0x00002c06                temperature_set_auto_voltage
 .text.temperature_get_status
                0x00002c18      0x1bc Application/Temperature/temperature.o
                0x00002c18                temperature_get_status
 .text.temperature_task_update
                0x00002dd4      0x14a Application/Temperature/temperature.o
 .text.temperature_enable_log
                0x00002f1e        0x8 Application/Temperature/temperature.o
                0x00002f1e                temperature_enable_log
 .text.temperature_disable_log
                0x00002f26        0x6 Application/Temperature/temperature.o
                0x00002f26                temperature_disable_log
 .text.watchdog_pulse
                0x00002f2c        0x4 Application/WATCHDOG/watchdog.o
 .text.watchdog_init
                0x00002f30        0x4 Application/WATCHDOG/watchdog.o
                0x00002f30                watchdog_init
 .text.watchdog_create_timer
                0x00002f34       0x14 Application/WATCHDOG/watchdog.o
                0x00002f34                watchdog_create_timer
 .text.init_adc
                0x00002f48        0xc BSP/ADC/AD.o
                0x00002f48                init_adc
 .text.adc_read
                0x00002f54       0x2e BSP/ADC/AD.o
                0x00002f54                adc_read
 .text.CAN_Protocol_Init
                0x00002f82        0x4 BSP/CAN/CAN_Protocol.o
                0x00002f82                CAN_Protocol_Init
 .text.CAN_create_task
                0x00002f86        0xc BSP/CAN/CAN_Protocol.o
                0x00002f86                CAN_create_task
 .text.Control_LED
                0x00002f92       0x78 BSP/CAN/CAN_Protocol.o
                0x00002f92                Control_LED
 .text.CAN_task_update
                0x0000300a       0x12 BSP/CAN/CAN_Protocol.o
 .text.pwm2_init
                0x0000301c       0xc4 BSP/PWM/PWM.o
                0x0000301c                pwm2_init
 .text.pwm2_set_DutyCyclePercent
                0x000030e0       0x68 BSP/PWM/PWM.o
                0x000030e0                pwm2_set_DutyCyclePercent
 .text.SPI_Init
                0x00003148       0x14 BSP/SPI/spi.o
                0x00003148                SPI_Init
 .text.SPI_SendByte
                0x0000315c        0xa BSP/SPI/spi.o
                0x0000315c                SPI_SendByte
 .text.SPI_ReadByte
                0x00003166        0xc BSP/SPI/spi.o
                0x00003166                SPI_ReadByte
 .text.SPI_RxBuffer
                0x00003172       0x42 BSP/SPI/spi.o
                0x00003172                SPI_RxBuffer
 .text.SPI_TxBuffer
                0x000031b4       0x3e BSP/SPI/spi.o
                0x000031b4                SPI_TxBuffer
 .text.timer_start_timer0
                0x000031f2       0x10 BSP/Timer/timer.o
                0x000031f2                timer_start_timer0
 .text.timer_timer0_init
                0x00003202        0xe BSP/Timer/timer.o
                0x00003202                timer_timer0_init
 .text.twi_start
                0x00003210       0x1e BSP/TWI/twi.o
                0x00003210                twi_start
 .text.twi_stop
                0x0000322e       0x20 BSP/TWI/twi.o
                0x0000322e                twi_stop
 .text.twi_write
                0x0000324e       0x22 BSP/TWI/twi.o
                0x0000324e                twi_write
 .text.twi_read_ack
                0x00003270       0x24 BSP/TWI/twi.o
                0x00003270                twi_read_ack
 .text.twi_read_nack
                0x00003294       0x24 BSP/TWI/twi.o
                0x00003294                twi_read_nack
 .text.__vector_33
                0x000032b8      0x292 BSP/TWI/twi.o
                0x000032b8                __vector_33
 .text.rbuffer_empty
                0x0000354a       0x1c BSP/UART/uart.o
                0x0000354a                rbuffer_empty
 .text.rbuffer_remove
                0x00003566       0x2a BSP/UART/uart.o
                0x00003566                rbuffer_remove
 .text.usart0_init
                0x00003590       0x5a BSP/UART/uart.o
                0x00003590                usart0_init
 .text.usart0_send_char
                0x000035ea       0x62 BSP/UART/uart.o
                0x000035ea                usart0_send_char
 .text.usart0_send_string
                0x0000364c       0x1e BSP/UART/uart.o
                0x0000364c                usart0_send_string
 .text.usart0_send_array
                0x0000366a       0x32 BSP/UART/uart.o
                0x0000366a                usart0_send_array
 .text.uart_get_uart0_rx_buffer_address
                0x0000369c        0xa BSP/UART/uart.o
                0x0000369c                uart_get_uart0_rx_buffer_address
 .text.usart1_init
                0x000036a6       0x5e BSP/UART/uart.o
                0x000036a6                usart1_init
 .text.usart1_send_char
                0x00003704       0x6a BSP/UART/uart.o
                0x00003704                usart1_send_char
 .text.usart1_send_array
                0x0000376e       0x32 BSP/UART/uart.o
                0x0000376e                usart1_send_array
 .text.uart_get_uart1_rx_buffer_address
                0x000037a0        0xa BSP/UART/uart.o
                0x000037a0                uart_get_uart1_rx_buffer_address
 .text.__vector_18
                0x000037aa       0xb8 BSP/UART/uart.o
                0x000037aa                __vector_18
 .text.__vector_19
                0x00003862       0x92 BSP/UART/uart.o
                0x00003862                __vector_19
 .text.__vector_30
                0x000038f4       0xbe BSP/UART/uart.o
                0x000038f4                __vector_30
 .text.__vector_31
                0x000039b2       0x9c BSP/UART/uart.o
                0x000039b2                __vector_31
 .text.UARTvprintf
                0x00003a4e      0x648 BSP/UART/uart.o
                0x00003a4e                UARTvprintf
 .text.UARTprintf
                0x00004096       0x20 BSP/UART/uart.o
                0x00004096                UARTprintf
 .text.BMP390_read_raw_calibration
                0x000040b6      0x106 Devices/BMP390/BMP390.o
                0x000040b6                BMP390_read_raw_calibration
 .text.BMP390_convert_calibration
                0x000041bc      0x22e Devices/BMP390/BMP390.o
                0x000041bc                BMP390_convert_calibration
 .text.BMP390_set_mode
                0x000043ea       0x6a Devices/BMP390/BMP390.o
                0x000043ea                BMP390_set_mode
 .text.BMP390_init
                0x00004454       0x28 Devices/BMP390/BMP390.o
                0x00004454                BMP390_init
 .text.BMP390_read_raw_temp_press
                0x0000447c       0xec Devices/BMP390/BMP390.o
                0x0000447c                BMP390_read_raw_temp_press
 .text.BMP390_compensate_pressure
                0x00004568      0x2c8 Devices/BMP390/BMP390.o
                0x00004568                BMP390_compensate_pressure
 .text.BMP390_temp_press_update
                0x00004830       0x96 Devices/BMP390/BMP390.o
                0x00004830                BMP390_temp_press_update
 .text.get_BMP390_temperature
                0x000048c6       0x3c Devices/BMP390/BMP390.o
                0x000048c6                get_BMP390_temperature
 .text.get_BMP390_pressure
                0x00004902       0x32 Devices/BMP390/BMP390.o
                0x00004902                get_BMP390_pressure
 .text.lsm6dsox_write
                0x00004934       0x26 Devices/LSM6DSOX/LSM6DSOX.o
                0x00004934                lsm6dsox_write
 .text.lsm6dsox_read
                0x0000495a       0x88 Devices/LSM6DSOX/LSM6DSOX.o
                0x0000495a                lsm6dsox_read
 .text.lsm6dsox_init
                0x000049e2       0x4a Devices/LSM6DSOX/LSM6DSOX.o
                0x000049e2                lsm6dsox_init
 .text.read_accel_gyro
                0x00004a2c      0x17a Devices/LSM6DSOX/LSM6DSOX.o
                0x00004a2c                read_accel_gyro
 .text.convertCANid2Reg.part.0.constprop.1
                0x00004ba6       0x44 Devices/MCP2515/CANSPI.o
 .text.CANSPI_Initialize
                0x00004bea      0x11e Devices/MCP2515/CANSPI.o
                0x00004bea                CANSPI_Initialize
 .text.CAN_Init
                0x00004d08        0xa Devices/MCP2515/CANSPI.o
                0x00004d08                CAN_Init
 .text.CANSPI_Transmit
                0x00004d12      0x182 Devices/MCP2515/CANSPI.o
                0x00004d12                CANSPI_Transmit
 .text.CANSPI_Receive
                0x00004e94      0x166 Devices/MCP2515/CANSPI.o
                0x00004e94                CANSPI_Receive
 .text.MCP2515_reset
                0x00004ffa        0xc Devices/MCP2515/MCP2515.o
                0x00004ffa                MCP2515_reset
 .text.MCP2515_read
                0x00005006       0x1e Devices/MCP2515/MCP2515.o
                0x00005006                MCP2515_read
 .text.MCP2515_ReadRxSequence
                0x00005024       0x22 Devices/MCP2515/MCP2515.o
                0x00005024                MCP2515_ReadRxSequence
 .text.MCP2515_write
                0x00005046       0x2e Devices/MCP2515/MCP2515.o
                0x00005046                MCP2515_write
 .text.MCP2515_SetNormalMode
                0x00005074       0x26 Devices/MCP2515/MCP2515.o
                0x00005074                MCP2515_SetNormalMode
 .text.MCP2515_SetConfigMode
                0x0000509a       0x28 Devices/MCP2515/MCP2515.o
                0x0000509a                MCP2515_SetConfigMode
 .text.MCP2515_WriteByteSequence
                0x000050c2       0x34 Devices/MCP2515/MCP2515.o
                0x000050c2                MCP2515_WriteByteSequence
 .text.MCP2515_RequestToSend
                0x000050f6        0xa Devices/MCP2515/MCP2515.o
                0x000050f6                MCP2515_RequestToSend
 .text.MCP2515_read_status
                0x00005100       0x12 Devices/MCP2515/MCP2515.o
                0x00005100                MCP2515_read_status
 .text.MCP2515_GetRxStatus
                0x00005112       0x10 Devices/MCP2515/MCP2515.o
                0x00005112                MCP2515_GetRxStatus
 .text.MCP2515_LoadTxSequence
                0x00005122       0x3a Devices/MCP2515/MCP2515.o
                0x00005122                MCP2515_LoadTxSequence
 .text.MCP4921_init
                0x0000515c        0xe Devices/MCP4921/MCP4921.o
                0x0000515c                MCP4921_init
 .text.MCP4291_AssertSS
                0x0000516a       0x20 Devices/MCP4921/MCP4921.o
                0x0000516a                MCP4291_AssertSS
 .text.MCP4291_DeassertSS
                0x0000518a       0x20 Devices/MCP4921/MCP4921.o
                0x0000518a                MCP4291_DeassertSS
 .text.MCP4291_set_output
                0x000051aa       0xe2 Devices/MCP4921/MCP4921.o
                0x000051aa                MCP4291_set_output
 .text.get_NTC_temperature_using_table
                0x0000528c       0x28 Devices/NTC/ntc_10k.o
                0x0000528c                get_NTC_temperature_using_table
 .text.ringled_show
                0x000052b4       0x66 Devices/LED_RING/SK6812.o
                0x000052b4                ringled_show
 .text.ringled_set_RGBW
                0x0000531a       0x30 Devices/LED_RING/SK6812.o
                0x0000531a                ringled_set_RGBW
 .text.ringled_init
                0x0000534a        0xc Devices/LED_RING/SK6812.o
                0x0000534a                ringled_init
 .text.ringled_get_RGBW
                0x00005356       0x12 Devices/LED_RING/SK6812.o
                0x00005356                ringled_get_RGBW
 .text.TEC_init
                0x00005368       0x52 Devices/TEC/TEC.o
                0x00005368                TEC_init
 .text.TEC_enable
                0x000053ba       0x3a Devices/TEC/TEC.o
                0x000053ba                TEC_enable
 .text.TEC_shutdown
                0x000053f4       0x3a Devices/TEC/TEC.o
                0x000053f4                TEC_shutdown
 .text.TPL5010_init
                0x0000542e       0x22 Devices/TPL5010/TPL5010.o
                0x0000542e                TPL5010_init
 .text.TPL5010_done_pulse
                0x00005450       0x12 Devices/TPL5010/TPL5010.o
                0x00005450                TPL5010_done_pulse
 .text.SCH_Initialize
                0x00005462       0x3e Scheduler/scheduler.o
                0x00005462                SCH_Initialize
 .text.SCH_TIM_Start
                0x000054a0       0x18 Scheduler/scheduler.o
                0x000054a0                SCH_TIM_Start
 .text.SCH_TIM_HasCompleted
                0x000054b8       0x1a Scheduler/scheduler.o
                0x000054b8                SCH_TIM_HasCompleted
 .text.SCH_TASK_CreateTask
                0x000054d2       0x48 Scheduler/scheduler.o
                0x000054d2                SCH_TASK_CreateTask
 .text.SCH_TIM_CreateTimer
                0x0000551a       0x46 Scheduler/scheduler.o
                0x0000551a                SCH_TIM_CreateTimer
 .text.SCH_TIM_RestartTimer
                0x00005560       0x2c Scheduler/scheduler.o
                0x00005560                SCH_TIM_RestartTimer
 .text.SCH_RunSystemTickTimer
                0x0000558c      0x10a Scheduler/scheduler.o
                0x0000558c                SCH_RunSystemTickTimer
 .text.SCH_StartSchedular
                0x00005696        0x4 Scheduler/scheduler.o
                0x00005696                SCH_StartSchedular
 .text.SCH_HandleScheduledTask
                0x0000569a       0xa4 Scheduler/scheduler.o
                0x0000569a                SCH_HandleScheduledTask
 .text.__vector_15
                0x0000573e       0x48 Scheduler/scheduler.o
                0x0000573e                __vector_15
 .text.crc16_CCITT
                0x00005786       0x50 ThirdParty/libsfp/crc16.o
                0x00005786                crc16_CCITT
 .text.fsp_init
                0x000057d6        0xa ThirdParty/libsfp/fsp.o
                0x000057d6                fsp_init
 .text.fsp_gen_pkt
                0x000057e0       0x80 ThirdParty/libsfp/fsp.o
                0x000057e0                fsp_gen_pkt
 .text.fsp_gen_cmd_w_data_pkt
                0x00005860       0x46 ThirdParty/libsfp/fsp.o
                0x00005860                fsp_gen_cmd_w_data_pkt
 .text.fsp_encode
                0x000058a6      0x1c8 ThirdParty/libsfp/fsp.o
                0x000058a6                fsp_encode
 .text.frame_decode
                0x00005a6e       0xd6 ThirdParty/libsfp/fsp.o
                0x00005a6e                frame_decode
 .text.avr-libc.fplib
                0x00005b44        0xe c:/program files (x86)/atmel/studio/7.0/toolchain/avr8/avr8-gnu-toolchain/bin/../lib/gcc/avr/5.4.0/../../../../avr/lib/avr5\libm.a(addsf3.o)
                0x00005b44                __subsf3
                0x00005b46                __addsf3
 .text.avr-libc.fplib
                0x00005b52       0xcc c:/program files (x86)/atmel/studio/7.0/toolchain/avr8/avr8-gnu-toolchain/bin/../lib/gcc/avr/5.4.0/../../../../avr/lib/avr5\libm.a(addsf3x.o)
                0x00005b74                __addsf3x
 .text.avr-libc.fplib
                0x00005c1e        0x8 c:/program files (x86)/atmel/studio/7.0/toolchain/avr8/avr8-gnu-toolchain/bin/../lib/gcc/avr/5.4.0/../../../../avr/lib/avr5\libm.a(divsf3.o)
                0x00005c1e                __divsf3
 .text.avr-libc.fplib
                0x00005c26       0xdc c:/program files (x86)/atmel/studio/7.0/toolchain/avr8/avr8-gnu-toolchain/bin/../lib/gcc/avr/5.4.0/../../../../avr/lib/avr5\libm.a(divsf3x.o)
                0x00005c46                __divsf3x
                0x00005c4c                __divsf3_pse
 .text.avr-libc.fplib
                0x00005d02        0xe c:/program files (x86)/atmel/studio/7.0/toolchain/avr8/avr8-gnu-toolchain/bin/../lib/gcc/avr/5.4.0/../../../../avr/lib/avr5\libm.a(fixsfsi.o)
                0x00005d02                __fixsfsi
 .text.avr-libc.fplib
                0x00005d10       0x5e c:/program files (x86)/atmel/studio/7.0/toolchain/avr8/avr8-gnu-toolchain/bin/../lib/gcc/avr/5.4.0/../../../../avr/lib/avr5\libm.a(fixunssfsi.o)
                0x00005d10                __fixunssfsi
 .text.avr-libc.fplib
                0x00005d6e       0x7a c:/program files (x86)/atmel/studio/7.0/toolchain/avr8/avr8-gnu-toolchain/bin/../lib/gcc/avr/5.4.0/../../../../avr/lib/avr5\libm.a(floatsisf.o)
                0x00005d6e                __floatunsisf
                0x00005d72                __floatsisf
 .text.avr-libc.fplib
                0x00005de8        0xc c:/program files (x86)/atmel/studio/7.0/toolchain/avr8/avr8-gnu-toolchain/bin/../lib/gcc/avr/5.4.0/../../../../avr/lib/avr5\libm.a(fp_inf.o)
                0x00005de8                __fp_inf
 .text.avr-libc.fplib
                0x00005df4        0x6 c:/program files (x86)/atmel/studio/7.0/toolchain/avr8/avr8-gnu-toolchain/bin/../lib/gcc/avr/5.4.0/../../../../avr/lib/avr5\libm.a(fp_nan.o)
                0x00005df4                __fp_nan
 .text.avr-libc.fplib
                0x00005dfa        0xe c:/program files (x86)/atmel/studio/7.0/toolchain/avr8/avr8-gnu-toolchain/bin/../lib/gcc/avr/5.4.0/../../../../avr/lib/avr5\libm.a(fp_pscA.o)
                0x00005dfa                __fp_pscA
 .text.avr-libc.fplib
                0x00005e08        0xe c:/program files (x86)/atmel/studio/7.0/toolchain/avr8/avr8-gnu-toolchain/bin/../lib/gcc/avr/5.4.0/../../../../avr/lib/avr5\libm.a(fp_pscB.o)
                0x00005e08                __fp_pscB
 .text.avr-libc.fplib
                0x00005e16       0x22 c:/program files (x86)/atmel/studio/7.0/toolchain/avr8/avr8-gnu-toolchain/bin/../lib/gcc/avr/5.4.0/../../../../avr/lib/avr5\libm.a(fp_round.o)
                0x00005e16                __fp_round
 .text.avr-libc.fplib
                0x00005e38       0x44 c:/program files (x86)/atmel/studio/7.0/toolchain/avr8/avr8-gnu-toolchain/bin/../lib/gcc/avr/5.4.0/../../../../avr/lib/avr5\libm.a(fp_split3.o)
                0x00005e38                __fp_split3
                0x00005e48                __fp_splitA
 .text.avr-libc.fplib
                0x00005e7c        0xe c:/program files (x86)/atmel/studio/7.0/toolchain/avr8/avr8-gnu-toolchain/bin/../lib/gcc/avr/5.4.0/../../../../avr/lib/avr5\libm.a(fp_zero.o)
                0x00005e7c                __fp_zero
                0x00005e7e                __fp_szero
 .text.avr-libc.fplib
                0x00005e8a        0x8 c:/program files (x86)/atmel/studio/7.0/toolchain/avr8/avr8-gnu-toolchain/bin/../lib/gcc/avr/5.4.0/../../../../avr/lib/avr5\libm.a(mulsf3.o)
                0x00005e8a                __mulsf3
 .text.avr-libc.fplib
                0x00005e92       0xd2 c:/program files (x86)/atmel/studio/7.0/toolchain/avr8/avr8-gnu-toolchain/bin/../lib/gcc/avr/5.4.0/../../../../avr/lib/avr5\libm.a(mulsf3x.o)
                0x00005eb0                __mulsf3x
                0x00005eb6                __mulsf3_pse
 .text.avr-libc
                0x00005f64      0x6fa c:/program files (x86)/atmel/studio/7.0/toolchain/avr8/avr8-gnu-toolchain/bin/../lib/gcc/avr/5.4.0/../../../../avr/lib/avr5\libprintf_flt.a(vfprintf_flt.o)
                0x00005f64                vfprintf
 .text.libgcc.mul
                0x0000665e       0x20 c:/program files (x86)/atmel/studio/7.0/toolchain/avr8/avr8-gnu-toolchain/bin/../lib/gcc/avr/5.4.0/avr5\libgcc.a(_mulsi3.o)
                0x0000665e                __mulsi3
 .text.libgcc.div
                0x0000667e       0x44 c:/program files (x86)/atmel/studio/7.0/toolchain/avr8/avr8-gnu-toolchain/bin/../lib/gcc/avr/5.4.0/avr5\libgcc.a(_udivmodsi4.o)
                0x0000667e                __udivmodsi4
 .text.libgcc   0x000066c2        0xc c:/program files (x86)/atmel/studio/7.0/toolchain/avr8/avr8-gnu-toolchain/bin/../lib/gcc/avr/5.4.0/avr5\libgcc.a(_tablejump2.o)
                0x000066c2                __tablejump2__
 .text.libgcc.mul
                0x000066ce       0x16 c:/program files (x86)/atmel/studio/7.0/toolchain/avr8/avr8-gnu-toolchain/bin/../lib/gcc/avr/5.4.0/avr5\libgcc.a(_muluhisi3.o)
                0x000066ce                __muluhisi3
 .text.libgcc.prologue
                0x000066e4       0x38 c:/program files (x86)/atmel/studio/7.0/toolchain/avr8/avr8-gnu-toolchain/bin/../lib/gcc/avr/5.4.0/avr5\libgcc.a(_prologue.o)
                0x000066e4                __prologue_saves__
 .text.libgcc.prologue
                0x0000671c       0x36 c:/program files (x86)/atmel/studio/7.0/toolchain/avr8/avr8-gnu-toolchain/bin/../lib/gcc/avr/5.4.0/avr5\libgcc.a(_epilogue.o)
                0x0000671c                __epilogue_restores__
 .text.libgcc.mul
                0x00006752       0x1e c:/program files (x86)/atmel/studio/7.0/toolchain/avr8/avr8-gnu-toolchain/bin/../lib/gcc/avr/5.4.0/avr5\libgcc.a(_umulhisi3.o)
                0x00006752                __umulhisi3
 .text.avr-libc
                0x00006770       0x3c c:/program files (x86)/atmel/studio/7.0/toolchain/avr8/avr8-gnu-toolchain/bin/../lib/gcc/avr/5.4.0/../../../../avr/lib/avr5\libc.a(atoi.o)
                0x00006770                atoi
 .text.avr-libc
                0x000067ac      0x1b0 c:/program files (x86)/atmel/studio/7.0/toolchain/avr8/avr8-gnu-toolchain/bin/../lib/gcc/avr/5.4.0/../../../../avr/lib/avr5\libc.a(ftoa_engine.o)
                0x000067ac                __ftoa_engine
 .text.avr-libc
                0x0000695c       0x16 c:/program files (x86)/atmel/studio/7.0/toolchain/avr8/avr8-gnu-toolchain/bin/../lib/gcc/avr/5.4.0/../../../../avr/lib/avr5\libc.a(strnlen_P.o)
                0x0000695c                strnlen_P
 .text.avr-libc
                0x00006972       0x12 c:/program files (x86)/atmel/studio/7.0/toolchain/avr8/avr8-gnu-toolchain/bin/../lib/gcc/avr/5.4.0/../../../../avr/lib/avr5\libc.a(strcmp.o)
                0x00006972                strcmp
 .text.avr-libc
                0x00006984       0x16 c:/program files (x86)/atmel/studio/7.0/toolchain/avr8/avr8-gnu-toolchain/bin/../lib/gcc/avr/5.4.0/../../../../avr/lib/avr5\libc.a(strnlen.o)
                0x00006984                strnlen
 .text.avr-libc
                0x0000699a       0x10 c:/program files (x86)/atmel/studio/7.0/toolchain/avr8/avr8-gnu-toolchain/bin/../lib/gcc/avr/5.4.0/../../../../avr/lib/avr5\libc.a(mul10.o)
                0x0000699a                __mulhi_const_10
 .text.avr-libc
                0x000069aa       0x78 c:/program files (x86)/atmel/studio/7.0/toolchain/avr8/avr8-gnu-toolchain/bin/../lib/gcc/avr/5.4.0/../../../../avr/lib/avr5\libc.a(fputc.o)
                0x000069aa                fputc
 .text.avr-libc
                0x00006a22       0xbc c:/program files (x86)/atmel/studio/7.0/toolchain/avr8/avr8-gnu-toolchain/bin/../lib/gcc/avr/5.4.0/../../../../avr/lib/avr5\libc.a(ultoa_invert.o)
                0x00006a22                __ultoa_invert
                0x00006ade                . = ALIGN (0x2)
 *(.fini9)
 .fini9         0x00006ade        0x0 c:/program files (x86)/atmel/studio/7.0/toolchain/avr8/avr8-gnu-toolchain/bin/../lib/gcc/avr/5.4.0/avr5\libgcc.a(_exit.o)
                0x00006ade                _exit
                0x00006ade                exit
 *(.fini9)
 *(.fini8)
 *(.fini8)
 *(.fini7)
 *(.fini7)
 *(.fini6)
 *(.fini6)
 *(.fini5)
 *(.fini5)
 *(.fini4)
 *(.fini4)
 *(.fini3)
 *(.fini3)
 *(.fini2)
 *(.fini2)
 *(.fini1)
 *(.fini1)
 *(.fini0)
 .fini0         0x00006ade        0x4 c:/program files (x86)/atmel/studio/7.0/toolchain/avr8/avr8-gnu-toolchain/bin/../lib/gcc/avr/5.4.0/avr5\libgcc.a(_exit.o)
 *(.fini0)
                0x00006ae2                _etext = .

.data           0x00800100      0x7b8 load address 0x00006ae2
                0x00800100                PROVIDE (__data_start, .)
 *(.data)
 *(.data*)
 .data.s_accel_gyro_task_context
                0x00800100        0x7 Application/Accel_Gyro/Accel_Gyro.o
 .data.s_CommandTaskContext
                0x00800107        0x7 Application/CMDLine/command.o
 .data.g_psCmdTable
                0x0080010e       0x7e Application/CMDLine/command.o
                0x0080010e                g_psCmdTable
 .data.ErrorCode
                0x0080018c        0xa Application/CMDLine/command.o
                0x0080018c                ErrorCode
 .data.s_COPC_task_context
                0x00800196        0x7 Application/COPC/COPC.o
 .data.s_task_context
                0x0080019d        0x7 Application/LED/status_led.o
 .data.s_pressure_task_context
                0x008001a4        0x7 Application/Pressure/Pressure.o
 .data.s_Temperature_CurrentState
                0x008001ab       0x34 Application/Temperature/temperature.o
 .data.s_temperature_task_context
                0x008001df        0x7 Application/Temperature/temperature.o
 .data.s_WatchdogTimerContext
                0x008001e6        0x6 Application/WATCHDOG/watchdog.o
 .data.CAN_task_context
                0x008001ec        0x7 BSP/CAN/CAN_Protocol.o
 .data.p_UART1_meta
                0x008001f3        0x2 BSP/UART/uart.o
                0x008001f3                p_UART1_meta
 .data.p_UART0_meta
                0x008001f5        0x2 BSP/UART/uart.o
                0x008001f5                p_UART0_meta
 *(.gnu.linkonce.d*)
 *(.rodata)
 *(.rodata*)
 .rodata.str1.1
                0x008001f7       0x15 Application/Accel_Gyro/Accel_Gyro.o
 .rodata.str1.1
                0x0080020c      0x57f Application/CMDLine/command.o
                                0x5e5 (size before relaxing)
 .rodata.str1.1
                0x0080078b       0x38 Application/COPC/COPC.o
 .rodata.str1.1
                0x008007c3       0x13 Application/Pressure/Pressure.o
 .rodata.str1.1
                0x008007d6       0xcb Application/Temperature/temperature.o
                                0x104 (size before relaxing)
 .rodata.str1.1
                0x008008a1       0x17 BSP/UART/uart.o
 *(.gnu.linkonce.r*)
                0x008008b8                . = ALIGN (0x2)
                0x008008b8                _edata = .
                0x008008b8                PROVIDE (__data_end, .)

.bss            0x008008b8      0x4ab
                0x008008b8                PROVIDE (__bss_start, .)
 *(.bss)
 *(.bss*)
 .bss.Gyro_Status
                0x008008b8        0x6 Application/Accel_Gyro/Accel_Gyro.o
 .bss.Accel_Status
                0x008008be        0x6 Application/Accel_Gyro/Accel_Gyro.o
 .bss.g_ppcArgv
                0x008008c4       0x12 Application/CMDLine/cmdline.o
 .bss.s_commandBufferIndex
                0x008008d6        0x1 Application/CMDLine/command.o
 .bss.s_commandBuffer
                0x008008d7       0x1e Application/CMDLine/command.o
 .bss.p_CommandRingBuffer
                0x008008f5        0x2 Application/CMDLine/command.o
 .bss.COPC_RX_Index
                0x008008f7        0x1 Application/COPC/COPC.o
                0x008008f7                COPC_RX_Index
 .bss.receiving
                0x008008f8        0x1 Application/COPC/COPC.o
                0x008008f8                receiving
 .bss.swap_byte
                0x008008f9        0x1 Application/COPC/COPC.o
                0x008008f9                swap_byte
 .bss.s_pIOU_Sfp_Payload
                0x008008fa        0x2 Application/COPC/COPC.o
 .bss.s_pCOPC_Sfp_Payload
                0x008008fc        0x2 Application/COPC/COPC.o
 .bss.s_IOU_FspPacket
                0x008008fe       0x44 Application/COPC/COPC.o
 .bss.s_COPC_FspPacket
                0x00800942       0x44 Application/COPC/COPC.o
 .bss.p_COPCBuffer
                0x00800986        0x2 Application/COPC/COPC.o
 .bss.IR_led_DutyCycle_status
                0x00800988        0x1 Application/LED/ir_led.o
 .bss.s_led_display_status
                0x00800989        0x3 Application/LED/status_led.o
 .bss.sPrintLog
                0x0080098c        0x1 Application/Temperature/temperature.o
 .bss.sTemperatureTimeChange
                0x0080098d        0x8 Application/Temperature/temperature.o
 .bss.sTemperatureTimeCount
                0x00800995        0x8 Application/Temperature/temperature.o
 .bss.twi_error
                0x0080099d        0x1 BSP/TWI/twi.o
 .bss.twi_slv_rxBufferIndex
                0x0080099e        0x1 BSP/TWI/twi.o
 .bss.twi_slv_rxBuffer
                0x0080099f        0x8 BSP/TWI/twi.o
 .bss.twi_slv_txBufferLength
                0x008009a7        0x1 BSP/TWI/twi.o
 .bss.twi_slv_txBufferIndex
                0x008009a8        0x1 BSP/TWI/twi.o
 .bss.twi_slv_txBuffer
                0x008009a9        0x8 BSP/TWI/twi.o
 .bss.twi_master_rxBufferLength
                0x008009b1        0x1 BSP/TWI/twi.o
 .bss.twi_master_rxBufferIndex
                0x008009b2        0x1 BSP/TWI/twi.o
 .bss.twi_master_rxBuffer
                0x008009b3        0x8 BSP/TWI/twi.o
 .bss.twi_master_txBufferLength
                0x008009bb        0x1 BSP/TWI/twi.o
 .bss.twi_master_txBufferIndex
                0x008009bc        0x1 BSP/TWI/twi.o
 .bss.twi_master_txBuffer
                0x008009bd        0x8 BSP/TWI/twi.o
 .bss.twi_onSlaveReceive
                0x008009c5        0x2 BSP/TWI/twi.o
 .bss.twi_onSlaveTransmit
                0x008009c7        0x2 BSP/TWI/twi.o
 .bss.twi_inRepStart
                0x008009c9        0x1 BSP/TWI/twi.o
 .bss.twi_sendStop
                0x008009ca        0x1 BSP/TWI/twi.o
 .bss.twi_slarw
                0x008009cb        0x1 BSP/TWI/twi.o
 .bss.twi_state
                0x008009cc        0x1 BSP/TWI/twi.o
 .bss.TWI_ERROR_GYRO
                0x008009cd        0x1 Devices/LSM6DSOX/LSM6DSOX.o
                0x008009cd                TWI_ERROR_GYRO
 .bss.s_NumOfTimers
                0x008009ce        0x1 Scheduler/scheduler.o
 .bss.s_TimerContext
                0x008009cf       0x1e Scheduler/scheduler.o
 .bss.s_NumOfTaskScheduled
                0x008009ed        0x1 Scheduler/scheduler.o
 .bss.s_TaskContext
                0x008009ee       0x3c Scheduler/scheduler.o
 .bss.fsp_decode_pos
                0x00800a2a        0x1 ThirdParty/libsfp/fsp.o
                0x00800a2a                fsp_decode_pos
 *(COMMON)
 COMMON         0x00800a2b       0x28 Application/CMDLine/command.o
                0x00800a2b                colorMap
 COMMON         0x00800a53       0x20 Application/COPC/COPC.o
                0x00800a53                COPC_RX_Buff
 COMMON         0x00800a73       0x1c BSP/CAN/CAN_Protocol.o
                0x00800a73                txMessage
                0x00800a81                rxMessage
 COMMON         0x00800a8f      0x210 BSP/UART/uart.o
                0x00800a8f                UART1_meta
                0x00800b97                UART0_meta
 COMMON         0x00800c9f       0x3b Data_struct/IOU_data.o
                0x00800c9f                IOU_data
 COMMON         0x00800cda       0x78 Devices/BMP390/BMP390.o
                0x00800cda                partial_out2
                0x00800cde                TempPress_data
                0x00800d3e                partial_data3
                0x00800d42                partial_data4
                0x00800d46                partial_data1
                0x00800d4a                partial_out1
                0x00800d4e                partial_data2
 COMMON         0x00800d52        0x6 Devices/MCP2515/CANSPI.o
                0x00800d52                errorStatus
                0x00800d53                ctrlStatus
                0x00800d54                idReg
 COMMON         0x00800d58        0x4 Devices/LED_RING/SK6812.o
                0x00800d58                status_rgbw_color
 COMMON         0x00800d5c        0x6 Scheduler/scheduler.o
                0x00800d5c                s_SystemTick
                0x00800d5e                s_SoftTimers
 COMMON         0x00800d62        0x1 ThirdParty/libsfp/fsp.o
                0x00800d62                fsp_my_adr
                0x00800d63                PROVIDE (__bss_end, .)
                0x00006ae2                __data_load_start = LOADADDR (.data)
                0x0000729a                __data_load_end = (__data_load_start + SIZEOF (.data))

.noinit         0x00800d63        0x0
                [!provide]                PROVIDE (__noinit_start, .)
 *(.noinit*)
                [!provide]                PROVIDE (__noinit_end, .)
                0x00800d63                _end = .
                [!provide]                PROVIDE (__heap_start, .)

.eeprom         0x00810000        0x0
 *(.eeprom*)
                0x00810000                __eeprom_end = .

.fuse
 *(.fuse)
 *(.lfuse)
 *(.hfuse)
 *(.efuse)

.lock
 *(.lock*)

.signature
 *(.signature*)

.user_signatures
 *(.user_signatures*)

.stab
 *(.stab)

.stabstr
 *(.stabstr)

.stab.excl
 *(.stab.excl)

.stab.exclstr
 *(.stab.exclstr)

.stab.index
 *(.stab.index)

.stab.indexstr
 *(.stab.indexstr)

.comment        0x00000000       0x5c
 *(.comment)
 .comment       0x00000000       0x30 Application/Accel_Gyro/Accel_Gyro.o
                                 0x31 (size before relaxing)
 .comment       0x00000030       0x31 Application/CMDLine/cmdline.o
 .comment       0x00000030       0x31 Application/CMDLine/command.o
 .comment       0x00000030       0x31 Application/COPC/COPC.o
 .comment       0x00000030       0x31 Application/LED/ir_led.o
 .comment       0x00000030       0x31 Application/LED/status_led.o
 .comment       0x00000030       0x31 Application/main.o
 .comment       0x00000030       0x31 Application/Pressure/Pressure.o
 .comment       0x00000030       0x31 Application/Temperature/temperature.o
 .comment       0x00000030       0x31 Application/WATCHDOG/watchdog.o
 .comment       0x00000030       0x31 BSP/ADC/AD.o
 .comment       0x00000030       0x31 BSP/CAN/CAN_Protocol.o
 .comment       0x00000030       0x31 BSP/PWM/PWM.o
 .comment       0x00000030       0x31 BSP/SPI/spi.o
 .comment       0x00000030       0x31 BSP/Timer/timer.o
 .comment       0x00000030       0x31 BSP/TWI/twi.o
 .comment       0x00000030       0x31 BSP/UART/uart.o
 .comment       0x00000030       0x31 Data_struct/IOU_data.o
 .comment       0x00000030       0x31 Devices/BMP390/BMP390.o
 .comment       0x00000030       0x31 Devices/LSM6DSOX/LSM6DSOX.o
 .comment       0x00000030       0x31 Devices/MCP2515/CANSPI.o
 .comment       0x00000030       0x31 Devices/MCP2515/MCP2515.o
 .comment       0x00000030       0x31 Devices/MCP4921/MCP4921.o
 .comment       0x00000030       0x31 Devices/NTC/ntc_10k.o
 .comment       0x00000030       0x31 Devices/LED_RING/SK6812.o
 .comment       0x00000030       0x31 Devices/TEC/TEC.o
 .comment       0x00000030       0x31 Devices/TPL5010/TPL5010.o
 .comment       0x00000030       0x31 Scheduler/scheduler.o
 .comment       0x00000030       0x31 ThirdParty/libsfp/crc16.o
 .comment       0x00000030       0x31 ThirdParty/libsfp/fsp.o
 .comment       0x00000030       0x2c c:/program files (x86)/atmel/studio/7.0/toolchain/avr8/avr8-gnu-toolchain/bin/../lib/gcc/avr/5.4.0/../../../../avr/lib/avr5\libprintf_flt.a(vfprintf_flt.o)
                                 0x2d (size before relaxing)
 .comment       0x0000005c       0x31 c:/program files (x86)/atmel/studio/7.0/toolchain/avr8/avr8-gnu-toolchain/bin/../lib/gcc/avr/5.4.0/../../../../avr/lib/avr5\libc.a(fputc.o)

.note.gnu.avr.deviceinfo
                0x00000000       0x3c
 .note.gnu.avr.deviceinfo
                0x00000000       0x3c C:/Program Files (x86)/Atmel/Studio/7.0/Packs/atmel/ATmega_DFP/1.7.374/gcc/dev/atmega64/avr5/crtatmega64.o

.note.gnu.build-id
 *(.note.gnu.build-id)

.debug
 *(.debug)

.line
 *(.line)

.debug_srcinfo
 *(.debug_srcinfo)

.debug_sfnames
 *(.debug_sfnames)

.debug_aranges  0x00000000      0xa88
 *(.debug_aranges)
 .debug_aranges
                0x00000000       0x40 Application/Accel_Gyro/Accel_Gyro.o
 .debug_aranges
                0x00000040       0x20 Application/CMDLine/cmdline.o
 .debug_aranges
                0x00000060       0xd8 Application/CMDLine/command.o
 .debug_aranges
                0x00000138       0xd0 Application/COPC/COPC.o
 .debug_aranges
                0x00000208       0x30 Application/LED/ir_led.o
 .debug_aranges
                0x00000238       0x30 Application/LED/status_led.o
 .debug_aranges
                0x00000268       0x20 Application/main.o
 .debug_aranges
                0x00000288       0x38 Application/Pressure/Pressure.o
 .debug_aranges
                0x000002c0       0xd0 Application/Temperature/temperature.o
 .debug_aranges
                0x00000390       0x30 Application/WATCHDOG/watchdog.o
 .debug_aranges
                0x000003c0       0x30 BSP/ADC/AD.o
 .debug_aranges
                0x000003f0       0x40 BSP/CAN/CAN_Protocol.o
 .debug_aranges
                0x00000430       0x38 BSP/PWM/PWM.o
 .debug_aranges
                0x00000468       0x40 BSP/SPI/spi.o
 .debug_aranges
                0x000004a8       0x30 BSP/Timer/timer.o
 .debug_aranges
                0x000004d8       0xf8 BSP/TWI/twi.o
 .debug_aranges
                0x000005d0      0x110 BSP/UART/uart.o
 .debug_aranges
                0x000006e0       0x18 Data_struct/IOU_data.o
 .debug_aranges
                0x000006f8       0x68 Devices/BMP390/BMP390.o
 .debug_aranges
                0x00000760       0x38 Devices/LSM6DSOX/LSM6DSOX.o
 .debug_aranges
                0x00000798       0x40 Devices/MCP2515/CANSPI.o
 .debug_aranges
                0x000007d8       0x80 Devices/MCP2515/MCP2515.o
 .debug_aranges
                0x00000858       0x48 Devices/MCP4921/MCP4921.o
 .debug_aranges
                0x000008a0       0x38 Devices/NTC/ntc_10k.o
 .debug_aranges
                0x000008d8       0x38 Devices/LED_RING/SK6812.o
 .debug_aranges
                0x00000910       0x30 Devices/TEC/TEC.o
 .debug_aranges
                0x00000940       0x28 Devices/TPL5010/TPL5010.o
 .debug_aranges
                0x00000968       0x90 Scheduler/scheduler.o
 .debug_aranges
                0x000009f8       0x20 ThirdParty/libsfp/crc16.o
 .debug_aranges
                0x00000a18       0x70 ThirdParty/libsfp/fsp.o

.debug_pubnames
 *(.debug_pubnames)

.debug_info     0x00000000     0xc8c0
 *(.debug_info .gnu.linkonce.wi.*)
 .debug_info    0x00000000      0x780 C:/Program Files (x86)/Atmel/Studio/7.0/Packs/atmel/ATmega_DFP/1.7.374/gcc/dev/atmega64/avr5/crtatmega64.o
 .debug_info    0x00000780      0x351 Application/Accel_Gyro/Accel_Gyro.o
 .debug_info    0x00000ad1      0x1f0 Application/CMDLine/cmdline.o
 .debug_info    0x00000cc1     0x17ab Application/CMDLine/command.o
 .debug_info    0x0000246c     0x1fa8 Application/COPC/COPC.o
 .debug_info    0x00004414      0x12c Application/LED/ir_led.o
 .debug_info    0x00004540      0x632 Application/LED/status_led.o
 .debug_info    0x00004b72      0x2e8 Application/main.o
 .debug_info    0x00004e5a      0x2d6 Application/Pressure/Pressure.o
 .debug_info    0x00005130      0xf2a Application/Temperature/temperature.o
 .debug_info    0x0000605a      0x21e Application/WATCHDOG/watchdog.o
 .debug_info    0x00006278      0x106 BSP/ADC/AD.o
 .debug_info    0x0000637e      0x541 BSP/CAN/CAN_Protocol.o
 .debug_info    0x000068bf      0x166 BSP/PWM/PWM.o
 .debug_info    0x00006a25      0x233 BSP/SPI/spi.o
 .debug_info    0x00006c58       0xb3 BSP/Timer/timer.o
 .debug_info    0x00006d0b      0x9bc BSP/TWI/twi.o
 .debug_info    0x000076c7     0x1432 BSP/UART/uart.o
 .debug_info    0x00008af9      0x27c Data_struct/IOU_data.o
 .debug_info    0x00008d75      0x912 Devices/BMP390/BMP390.o
 .debug_info    0x00009687      0x3e0 Devices/LSM6DSOX/LSM6DSOX.o
 .debug_info    0x00009a67      0xed8 Devices/MCP2515/CANSPI.o
 .debug_info    0x0000a93f      0x5e7 Devices/MCP2515/MCP2515.o
 .debug_info    0x0000af26      0x342 Devices/MCP4921/MCP4921.o
 .debug_info    0x0000b268      0x28d Devices/NTC/ntc_10k.o
 .debug_info    0x0000b4f5      0x23d Devices/LED_RING/SK6812.o
 .debug_info    0x0000b732       0xdf Devices/TEC/TEC.o
 .debug_info    0x0000b811       0x9d Devices/TPL5010/TPL5010.o
 .debug_info    0x0000b8ae      0x886 Scheduler/scheduler.o
 .debug_info    0x0000c134       0xea ThirdParty/libsfp/crc16.o
 .debug_info    0x0000c21e      0x6a2 ThirdParty/libsfp/fsp.o

.debug_abbrev   0x00000000     0x348e
 *(.debug_abbrev)
 .debug_abbrev  0x00000000      0x718 C:/Program Files (x86)/Atmel/Studio/7.0/Packs/atmel/ATmega_DFP/1.7.374/gcc/dev/atmega64/avr5/crtatmega64.o
 .debug_abbrev  0x00000718      0x134 Application/Accel_Gyro/Accel_Gyro.o
 .debug_abbrev  0x0000084c      0x11f Application/CMDLine/cmdline.o
 .debug_abbrev  0x0000096b      0x34f Application/CMDLine/command.o
 .debug_abbrev  0x00000cba      0x286 Application/COPC/COPC.o
 .debug_abbrev  0x00000f40       0xdf Application/LED/ir_led.o
 .debug_abbrev  0x0000101f      0x18a Application/LED/status_led.o
 .debug_abbrev  0x000011a9       0xda Application/main.o
 .debug_abbrev  0x00001283      0x135 Application/Pressure/Pressure.o
 .debug_abbrev  0x000013b8      0x2e6 Application/Temperature/temperature.o
 .debug_abbrev  0x0000169e       0xfe Application/WATCHDOG/watchdog.o
 .debug_abbrev  0x0000179c       0xb2 BSP/ADC/AD.o
 .debug_abbrev  0x0000184e      0x1fa BSP/CAN/CAN_Protocol.o
 .debug_abbrev  0x00001a48       0x84 BSP/PWM/PWM.o
 .debug_abbrev  0x00001acc      0x158 BSP/SPI/spi.o
 .debug_abbrev  0x00001c24       0x54 BSP/Timer/timer.o
 .debug_abbrev  0x00001c78      0x2b2 BSP/TWI/twi.o
 .debug_abbrev  0x00001f2a      0x387 BSP/UART/uart.o
 .debug_abbrev  0x000022b1       0x9e Data_struct/IOU_data.o
 .debug_abbrev  0x0000234f      0x238 Devices/BMP390/BMP390.o
 .debug_abbrev  0x00002587      0x184 Devices/LSM6DSOX/LSM6DSOX.o
 .debug_abbrev  0x0000270b      0x268 Devices/MCP2515/CANSPI.o
 .debug_abbrev  0x00002973      0x135 Devices/MCP2515/MCP2515.o
 .debug_abbrev  0x00002aa8      0x1fc Devices/MCP4921/MCP4921.o
 .debug_abbrev  0x00002ca4      0x16a Devices/NTC/ntc_10k.o
 .debug_abbrev  0x00002e0e      0x13a Devices/LED_RING/SK6812.o
 .debug_abbrev  0x00002f48       0x99 Devices/TEC/TEC.o
 .debug_abbrev  0x00002fe1       0x54 Devices/TPL5010/TPL5010.o
 .debug_abbrev  0x00003035      0x1f7 Scheduler/scheduler.o
 .debug_abbrev  0x0000322c       0x7f ThirdParty/libsfp/crc16.o
 .debug_abbrev  0x000032ab      0x1e3 ThirdParty/libsfp/fsp.o

.debug_line     0x00000000     0xa92f
 *(.debug_line .debug_line.* .debug_line_end)
 .debug_line    0x00000000      0x16a C:/Program Files (x86)/Atmel/Studio/7.0/Packs/atmel/ATmega_DFP/1.7.374/gcc/dev/atmega64/avr5/crtatmega64.o
 .debug_line    0x0000016a      0x4d5 Application/Accel_Gyro/Accel_Gyro.o
 .debug_line    0x0000063f      0x34e Application/CMDLine/cmdline.o
 .debug_line    0x0000098d      0xd6a Application/CMDLine/command.o
 .debug_line    0x000016f7      0xde0 Application/COPC/COPC.o
 .debug_line    0x000024d7      0x30a Application/LED/ir_led.o
 .debug_line    0x000027e1      0x3b9 Application/LED/status_led.o
 .debug_line    0x00002b9a      0x716 Application/main.o
 .debug_line    0x000032b0      0x4bf Application/Pressure/Pressure.o
 .debug_line    0x0000376f      0xaf1 Application/Temperature/temperature.o
 .debug_line    0x00004260      0x35f Application/WATCHDOG/watchdog.o
 .debug_line    0x000045bf      0x298 BSP/ADC/AD.o
 .debug_line    0x00004857      0x4ba BSP/CAN/CAN_Protocol.o
 .debug_line    0x00004d11      0x30b BSP/PWM/PWM.o
 .debug_line    0x0000501c      0x3d5 BSP/SPI/spi.o
 .debug_line    0x000053f1      0x28f BSP/Timer/timer.o
 .debug_line    0x00005680      0xabc BSP/TWI/twi.o
 .debug_line    0x0000613c      0xea8 BSP/UART/uart.o
 .debug_line    0x00006fe4      0x147 Data_struct/IOU_data.o
 .debug_line    0x0000712b      0x7b3 Devices/BMP390/BMP390.o
 .debug_line    0x000078de      0x593 Devices/LSM6DSOX/LSM6DSOX.o
 .debug_line    0x00007e71      0x66b Devices/MCP2515/CANSPI.o
 .debug_line    0x000084dc      0x582 Devices/MCP2515/MCP2515.o
 .debug_line    0x00008a5e      0x459 Devices/MCP4921/MCP4921.o
 .debug_line    0x00008eb7      0x402 Devices/NTC/ntc_10k.o
 .debug_line    0x000092b9      0x321 Devices/LED_RING/SK6812.o
 .debug_line    0x000095da      0x390 Devices/TEC/TEC.o
 .debug_line    0x0000996a      0x29b Devices/TPL5010/TPL5010.o
 .debug_line    0x00009c05      0x642 Scheduler/scheduler.o
 .debug_line    0x0000a247      0x149 ThirdParty/libsfp/crc16.o
 .debug_line    0x0000a390      0x59f ThirdParty/libsfp/fsp.o

.debug_frame    0x00000000     0x1e5c
 *(.debug_frame)
 .debug_frame   0x00000000       0x8c Application/Accel_Gyro/Accel_Gyro.o
 .debug_frame   0x0000008c       0x40 Application/CMDLine/cmdline.o
 .debug_frame   0x000000cc      0x414 Application/CMDLine/command.o
 .debug_frame   0x000004e0      0x2e4 Application/COPC/COPC.o
 .debug_frame   0x000007c4       0x4c Application/LED/ir_led.o
 .debug_frame   0x00000810       0x44 Application/LED/status_led.o
 .debug_frame   0x00000854       0x24 Application/main.o
 .debug_frame   0x00000878       0x5c Application/Pressure/Pressure.o
 .debug_frame   0x000008d4      0x340 Application/Temperature/temperature.o
 .debug_frame   0x00000c14       0x44 Application/WATCHDOG/watchdog.o
 .debug_frame   0x00000c58       0x44 BSP/ADC/AD.o
 .debug_frame   0x00000c9c       0x64 BSP/CAN/CAN_Protocol.o
 .debug_frame   0x00000d00       0xdc BSP/PWM/PWM.o
 .debug_frame   0x00000ddc       0x64 BSP/SPI/spi.o
 .debug_frame   0x00000e40       0x44 BSP/Timer/timer.o
 .debug_frame   0x00000e84      0x224 BSP/TWI/twi.o
 .debug_frame   0x000010a8      0x410 BSP/UART/uart.o
 .debug_frame   0x000014b8      0x208 Devices/BMP390/BMP390.o
 .debug_frame   0x000016c0       0xb4 Devices/LSM6DSOX/LSM6DSOX.o
 .debug_frame   0x00001774       0xac Devices/MCP2515/CANSPI.o
 .debug_frame   0x00001820      0x164 Devices/MCP2515/MCP2515.o
 .debug_frame   0x00001984       0xac Devices/MCP4921/MCP4921.o
 .debug_frame   0x00001a30       0x54 Devices/NTC/ntc_10k.o
 .debug_frame   0x00001a84       0x54 Devices/LED_RING/SK6812.o
 .debug_frame   0x00001ad8       0x44 Devices/TEC/TEC.o
 .debug_frame   0x00001b1c       0x34 Devices/TPL5010/TPL5010.o
 .debug_frame   0x00001b50      0x154 Scheduler/scheduler.o
 .debug_frame   0x00001ca4       0x24 ThirdParty/libsfp/crc16.o
 .debug_frame   0x00001cc8      0x194 ThirdParty/libsfp/fsp.o

.debug_str      0x00000000     0xf4d9
 *(.debug_str)
 .debug_str     0x00000000      0x27e C:/Program Files (x86)/Atmel/Studio/7.0/Packs/atmel/ATmega_DFP/1.7.374/gcc/dev/atmega64/avr5/crtatmega64.o
 .debug_str     0x0000027e     0x8e85 Application/Accel_Gyro/Accel_Gyro.o
                               0x8fda (size before relaxing)
 .debug_str     0x00009103      0x155 Application/CMDLine/cmdline.o
                               0x7d98 (size before relaxing)
 .debug_str     0x00009258     0x22e8 Application/CMDLine/command.o
                               0xb2f4 (size before relaxing)
 .debug_str     0x0000b540     0x17e1 Application/COPC/COPC.o
                               0xab9f (size before relaxing)
 .debug_str     0x0000cd21       0x9c Application/LED/ir_led.o
                               0x7875 (size before relaxing)
 .debug_str     0x0000cdbd      0x447 Application/LED/status_led.o
                               0x805a (size before relaxing)
 .debug_str     0x0000d204      0x101 Application/main.o
                               0xa10e (size before relaxing)
 .debug_str     0x0000d305       0xba Application/Pressure/Pressure.o
                               0x8f2d (size before relaxing)
 .debug_str     0x0000d3bf      0x278 Application/Temperature/temperature.o
                               0x95c2 (size before relaxing)
 .debug_str     0x0000d637      0x195 Application/WATCHDOG/watchdog.o
                               0x814d (size before relaxing)
 .debug_str     0x0000d7cc       0x4d BSP/ADC/AD.o
                               0x6b7b (size before relaxing)
 .debug_str     0x0000d819       0xe3 BSP/CAN/CAN_Protocol.o
                               0x8f9b (size before relaxing)
 .debug_str     0x0000d8fc       0x71 BSP/PWM/PWM.o
                               0x73ef (size before relaxing)
 .debug_str     0x0000d96d       0x90 BSP/SPI/spi.o
                               0x786e (size before relaxing)
 .debug_str     0x0000d9fd       0x56 BSP/Timer/timer.o
                               0x6ef1 (size before relaxing)
 .debug_str     0x0000da53      0x42b BSP/TWI/twi.o
                               0x7e64 (size before relaxing)
 .debug_str     0x0000de7e      0x462 BSP/UART/uart.o
                               0x9b5f (size before relaxing)
 .debug_str     0x0000e2e0       0x1a Data_struct/IOU_data.o
                               0x3fc7 (size before relaxing)
 .debug_str     0x0000e2fa      0x450 Devices/BMP390/BMP390.o
                               0x90b6 (size before relaxing)
 .debug_str     0x0000e74a       0x52 Devices/LSM6DSOX/LSM6DSOX.o
                               0x8e95 (size before relaxing)
 .debug_str     0x0000e79c      0x531 Devices/MCP2515/CANSPI.o
                               0x8679 (size before relaxing)
 .debug_str     0x0000eccd       0xfc Devices/MCP2515/MCP2515.o
                               0x8253 (size before relaxing)
 .debug_str     0x0000edc9       0xe5 Devices/MCP4921/MCP4921.o
                               0x7956 (size before relaxing)
 .debug_str     0x0000eeae       0xf7 Devices/NTC/ntc_10k.o
                               0x934f (size before relaxing)
 .debug_str     0x0000efa5       0x54 Devices/LED_RING/SK6812.o
                               0x7b56 (size before relaxing)
 .debug_str     0x0000eff9       0x20 Devices/TEC/TEC.o
                               0x7380 (size before relaxing)
 .debug_str     0x0000f019       0x1d Devices/TPL5010/TPL5010.o
                               0x7380 (size before relaxing)
 .debug_str     0x0000f036      0x34f Scheduler/scheduler.o
                               0x7b28 (size before relaxing)
 .debug_str     0x0000f385       0x3c ThirdParty/libsfp/crc16.o
                               0x3262 (size before relaxing)
 .debug_str     0x0000f3c1      0x118 ThirdParty/libsfp/fsp.o
                               0x3ca3 (size before relaxing)

.debug_loc      0x00000000     0x9227
 *(.debug_loc)
 .debug_loc     0x00000000       0xb2 Application/Accel_Gyro/Accel_Gyro.o
 .debug_loc     0x000000b2      0x15e Application/CMDLine/cmdline.o
 .debug_loc     0x00000210     0x1af4 Application/CMDLine/command.o
 .debug_loc     0x00001d04      0xbd2 Application/COPC/COPC.o
 .debug_loc     0x000028d6       0x4f Application/LED/ir_led.o
 .debug_loc     0x00002925       0x22 Application/Pressure/Pressure.o
 .debug_loc     0x00002947      0xf0e Application/Temperature/temperature.o
 .debug_loc     0x00003855       0x66 BSP/ADC/AD.o
 .debug_loc     0x000038bb       0x73 BSP/CAN/CAN_Protocol.o
 .debug_loc     0x0000392e      0x2e4 BSP/PWM/PWM.o
 .debug_loc     0x00003c12      0x216 BSP/SPI/spi.o
 .debug_loc     0x00003e28      0x849 BSP/TWI/twi.o
 .debug_loc     0x00004671     0x19d7 BSP/UART/uart.o
 .debug_loc     0x00006048      0x7b8 Devices/BMP390/BMP390.o
 .debug_loc     0x00006800      0x2c7 Devices/LSM6DSOX/LSM6DSOX.o
 .debug_loc     0x00006ac7      0x5e5 Devices/MCP2515/CANSPI.o
 .debug_loc     0x000070ac      0x5a0 Devices/MCP2515/MCP2515.o
 .debug_loc     0x0000764c      0x1ee Devices/MCP4921/MCP4921.o
 .debug_loc     0x0000783a      0x1e3 Devices/NTC/ntc_10k.o
 .debug_loc     0x00007a1d      0x10f Devices/LED_RING/SK6812.o
 .debug_loc     0x00007b2c      0x10a Devices/TEC/TEC.o
 .debug_loc     0x00007c36      0x61e Scheduler/scheduler.o
 .debug_loc     0x00008254       0xdf ThirdParty/libsfp/crc16.o
 .debug_loc     0x00008333      0xef4 ThirdParty/libsfp/fsp.o

.debug_macinfo
 *(.debug_macinfo)

.debug_weaknames
 *(.debug_weaknames)

.debug_funcnames
 *(.debug_funcnames)

.debug_typenames
 *(.debug_typenames)

.debug_varnames
 *(.debug_varnames)

.debug_pubtypes
 *(.debug_pubtypes)

.debug_ranges   0x00000000      0xb60
 *(.debug_ranges)
 .debug_ranges  0x00000000       0x30 Application/Accel_Gyro/Accel_Gyro.o
 .debug_ranges  0x00000030       0x10 Application/CMDLine/cmdline.o
 .debug_ranges  0x00000040      0x130 Application/CMDLine/command.o
 .debug_ranges  0x00000170       0xc0 Application/COPC/COPC.o
 .debug_ranges  0x00000230       0x20 Application/LED/ir_led.o
 .debug_ranges  0x00000250       0x50 Application/LED/status_led.o
 .debug_ranges  0x000002a0       0x10 Application/main.o
 .debug_ranges  0x000002b0       0x28 Application/Pressure/Pressure.o
 .debug_ranges  0x000002d8       0xf0 Application/Temperature/temperature.o
 .debug_ranges  0x000003c8       0x20 Application/WATCHDOG/watchdog.o
 .debug_ranges  0x000003e8       0x20 BSP/ADC/AD.o
 .debug_ranges  0x00000408       0x30 BSP/CAN/CAN_Protocol.o
 .debug_ranges  0x00000438       0x28 BSP/PWM/PWM.o
 .debug_ranges  0x00000460       0x30 BSP/SPI/spi.o
 .debug_ranges  0x00000490       0x20 BSP/Timer/timer.o
 .debug_ranges  0x000004b0      0x100 BSP/TWI/twi.o
 .debug_ranges  0x000005b0      0x268 BSP/UART/uart.o
 .debug_ranges  0x00000818       0x88 Devices/BMP390/BMP390.o
 .debug_ranges  0x000008a0       0x28 Devices/LSM6DSOX/LSM6DSOX.o
 .debug_ranges  0x000008c8       0x78 Devices/MCP2515/CANSPI.o
 .debug_ranges  0x00000940       0x70 Devices/MCP2515/MCP2515.o
 .debug_ranges  0x000009b0       0x38 Devices/MCP4921/MCP4921.o
 .debug_ranges  0x000009e8       0x28 Devices/NTC/ntc_10k.o
 .debug_ranges  0x00000a10       0x28 Devices/LED_RING/SK6812.o
 .debug_ranges  0x00000a38       0x20 Devices/TEC/TEC.o
 .debug_ranges  0x00000a58       0x18 Devices/TPL5010/TPL5010.o
 .debug_ranges  0x00000a70       0x80 Scheduler/scheduler.o
 .debug_ranges  0x00000af0       0x10 ThirdParty/libsfp/crc16.o
 .debug_ranges  0x00000b00       0x60 ThirdParty/libsfp/fsp.o

.debug_macro    0x00000000     0x69e6
 *(.debug_macro)
 .debug_macro   0x00000000      0x1ab Application/Accel_Gyro/Accel_Gyro.o
 .debug_macro   0x000001ab      0xa4e Application/Accel_Gyro/Accel_Gyro.o
 .debug_macro   0x00000bf9      0x1c9 Application/Accel_Gyro/Accel_Gyro.o
 .debug_macro   0x00000dc2      0x2fc Application/Accel_Gyro/Accel_Gyro.o
 .debug_macro   0x000010be       0x58 Application/Accel_Gyro/Accel_Gyro.o
 .debug_macro   0x00001116       0x10 Application/Accel_Gyro/Accel_Gyro.o
 .debug_macro   0x00001126       0x97 Application/Accel_Gyro/Accel_Gyro.o
 .debug_macro   0x000011bd       0xf2 Application/Accel_Gyro/Accel_Gyro.o
 .debug_macro   0x000012af       0x22 Application/Accel_Gyro/Accel_Gyro.o
 .debug_macro   0x000012d1       0x52 Application/Accel_Gyro/Accel_Gyro.o
 .debug_macro   0x00001323       0xaa Application/Accel_Gyro/Accel_Gyro.o
 .debug_macro   0x000013cd     0x1543 Application/Accel_Gyro/Accel_Gyro.o
 .debug_macro   0x00002910      0x203 Application/Accel_Gyro/Accel_Gyro.o
 .debug_macro   0x00002b13       0xbd Application/Accel_Gyro/Accel_Gyro.o
 .debug_macro   0x00002bd0       0x34 Application/Accel_Gyro/Accel_Gyro.o
 .debug_macro   0x00002c04       0x18 Application/Accel_Gyro/Accel_Gyro.o
 .debug_macro   0x00002c1c       0x6c Application/Accel_Gyro/Accel_Gyro.o
 .debug_macro   0x00002c88       0xd7 Application/Accel_Gyro/Accel_Gyro.o
 .debug_macro   0x00002d5f       0xf6 Application/Accel_Gyro/Accel_Gyro.o
 .debug_macro   0x00002e55       0x22 Application/Accel_Gyro/Accel_Gyro.o
 .debug_macro   0x00002e77      0x166 Application/Accel_Gyro/Accel_Gyro.o
 .debug_macro   0x00002fdd       0x1c Application/Accel_Gyro/Accel_Gyro.o
 .debug_macro   0x00002ff9       0x35 Application/Accel_Gyro/Accel_Gyro.o
 .debug_macro   0x0000302e       0x60 Application/Accel_Gyro/Accel_Gyro.o
 .debug_macro   0x0000308e       0x69 Application/Accel_Gyro/Accel_Gyro.o
 .debug_macro   0x000030f7       0x10 Application/Accel_Gyro/Accel_Gyro.o
 .debug_macro   0x00003107       0x3a Application/Accel_Gyro/Accel_Gyro.o
 .debug_macro   0x00003141       0x16 Application/Accel_Gyro/Accel_Gyro.o
 .debug_macro   0x00003157       0x28 Application/Accel_Gyro/Accel_Gyro.o
 .debug_macro   0x0000317f      0x240 Application/Accel_Gyro/Accel_Gyro.o
 .debug_macro   0x000033bf       0x3a Application/Accel_Gyro/Accel_Gyro.o
 .debug_macro   0x000033f9       0x28 Application/Accel_Gyro/Accel_Gyro.o
 .debug_macro   0x00003421       0x1c Application/Accel_Gyro/Accel_Gyro.o
 .debug_macro   0x0000343d       0xfc Application/CMDLine/cmdline.o
 .debug_macro   0x00003539       0x16 Application/CMDLine/cmdline.o
 .debug_macro   0x0000354f       0x28 Application/CMDLine/cmdline.o
 .debug_macro   0x00003577       0x10 Application/CMDLine/cmdline.o
 .debug_macro   0x00003587      0x302 Application/CMDLine/cmdline.o
 .debug_macro   0x00003889       0x9e Application/CMDLine/cmdline.o
 .debug_macro   0x00003927       0x20 Application/CMDLine/cmdline.o
 .debug_macro   0x00003947       0x10 Application/CMDLine/cmdline.o
 .debug_macro   0x00003957      0x262 Application/CMDLine/command.o
 .debug_macro   0x00003bb9      0x16d Application/CMDLine/command.o
 .debug_macro   0x00003d26       0x1c Application/CMDLine/command.o
 .debug_macro   0x00003d42       0xdd Application/CMDLine/command.o
 .debug_macro   0x00003e1f      0x160 Application/CMDLine/command.o
 .debug_macro   0x00003f7f       0x5a Application/CMDLine/command.o
 .debug_macro   0x00003fd9       0x40 Application/CMDLine/command.o
 .debug_macro   0x00004019       0x34 Application/CMDLine/command.o
 .debug_macro   0x0000404d       0x4c Application/CMDLine/command.o
 .debug_macro   0x00004099       0x22 Application/CMDLine/command.o
 .debug_macro   0x000040bb       0x58 Application/CMDLine/command.o
 .debug_macro   0x00004113      0x241 Application/CMDLine/command.o
 .debug_macro   0x00004354       0x10 Application/CMDLine/command.o
 .debug_macro   0x00004364       0x10 Application/CMDLine/command.o
 .debug_macro   0x00004374       0x1c Application/CMDLine/command.o
 .debug_macro   0x00004390       0x10 Application/CMDLine/command.o
 .debug_macro   0x000043a0       0xe2 Application/CMDLine/command.o
 .debug_macro   0x00004482      0x224 Application/COPC/COPC.o
 .debug_macro   0x000046a6      0x179 Application/COPC/COPC.o
 .debug_macro   0x0000481f       0xd3 Application/LED/ir_led.o
 .debug_macro   0x000048f2      0x105 Application/LED/status_led.o
 .debug_macro   0x000049f7      0x10e Application/LED/status_led.o
 .debug_macro   0x00004b05       0x66 Application/LED/status_led.o
 .debug_macro   0x00004b6b       0x2e Application/LED/status_led.o
 .debug_macro   0x00004b99       0x86 Application/LED/status_led.o
 .debug_macro   0x00004c1f      0x28f Application/main.o
 .debug_macro   0x00004eae      0x1ae Application/Pressure/Pressure.o
 .debug_macro   0x0000505c      0x1d2 Application/Temperature/temperature.o
 .debug_macro   0x0000522e      0x128 Application/WATCHDOG/watchdog.o
 .debug_macro   0x00005356       0x91 BSP/ADC/AD.o
 .debug_macro   0x000053e7      0x180 BSP/CAN/CAN_Protocol.o
 .debug_macro   0x00005567      0x23b BSP/CAN/CAN_Protocol.o
 .debug_macro   0x000057a2       0x10 BSP/CAN/CAN_Protocol.o
 .debug_macro   0x000057b2       0xb4 BSP/PWM/PWM.o
 .debug_macro   0x00005866       0xc9 BSP/SPI/spi.o
 .debug_macro   0x0000592f       0x3a BSP/SPI/spi.o
 .debug_macro   0x00005969       0xa0 BSP/Timer/timer.o
 .debug_macro   0x00005a09       0x63 BSP/Timer/timer.o
 .debug_macro   0x00005a6c       0xff BSP/TWI/twi.o
 .debug_macro   0x00005b6b      0x14a BSP/UART/uart.o
 .debug_macro   0x00005cb5       0x12 BSP/UART/uart.o
 .debug_macro   0x00005cc7       0x2e BSP/UART/uart.o
 .debug_macro   0x00005cf5       0x62 Data_struct/IOU_data.o
 .debug_macro   0x00005d57      0x1a8 Devices/BMP390/BMP390.o
 .debug_macro   0x00005eff      0x1af Devices/LSM6DSOX/LSM6DSOX.o
 .debug_macro   0x000060ae       0xec Devices/MCP2515/CANSPI.o
 .debug_macro   0x0000619a       0xf4 Devices/MCP2515/MCP2515.o
 .debug_macro   0x0000628e       0xe3 Devices/MCP4921/MCP4921.o
 .debug_macro   0x00006371      0x168 Devices/NTC/ntc_10k.o
 .debug_macro   0x000064d9       0x16 Devices/NTC/ntc_10k.o
 .debug_macro   0x000064ef       0xc8 Devices/LED_RING/SK6812.o
 .debug_macro   0x000065b7       0xa2 Devices/TEC/TEC.o
 .debug_macro   0x00006659       0xa8 Devices/TPL5010/TPL5010.o
 .debug_macro   0x00006701       0xf0 Scheduler/scheduler.o
 .debug_macro   0x000067f1       0x2e ThirdParty/libsfp/crc16.o
 .debug_macro   0x0000681f       0x54 ThirdParty/libsfp/fsp.o
 .debug_macro   0x00006873      0x173 ThirdParty/libsfp/fsp.o
OUTPUT(IOUFirmware.elf elf32-avr)
LOAD linker stubs
